\BOOKMARK [1][-]{section.1}{\376\377\000P\000u\000r\000p\000o\000s\000e\000\040\000a\000n\000d\000\040\000s\000c\000o\000p\000e\000\040\000o\000f\000\040\000t\000h\000i\000s\000\040\000d\000o\000c\000u\000m\000e\000n\000t}{}% 1
\BOOKMARK [1][-]{section.2}{\376\377\000S\000e\000t\000u\000p\000,\000\040\000e\000s\000t\000i\000m\000a\000n\000d\000s\000,\000\040\000i\000d\000e\000n\000t\000i\000f\000i\000c\000a\000t\000i\000o\000n}{}% 2
\BOOKMARK [2][-]{subsection.2.1}{\376\377\000O\000b\000s\000e\000r\000v\000a\000t\000i\000o\000n\000\040\000r\000e\000g\000i\000m\000e}{section.2}% 3
\BOOKMARK [2][-]{subsection.2.2}{\376\377\000F\000i\000n\000i\000t\000e\000-\000g\000r\000i\000d\000\040\000r\000e\000p\000r\000e\000s\000e\000n\000t\000a\000t\000i\000o\000n\000\040\000a\000n\000d\000\040\000g\000e\000o\000m\000e\000t\000r\000y}{section.2}% 4
\BOOKMARK [2][-]{subsection.2.3}{\376\377\000E\000s\000t\000i\000m\000a\000n\000d\000s}{section.2}% 5
\BOOKMARK [2][-]{subsection.2.4}{\376\377\000I\000d\000e\000n\000t\000i\000f\000i\000c\000a\000t\000i\000o\000n\000,\000\040\000a\000n\000d\000\040\000w\000h\000a\000t\000\040\000i\000s\000\040\000n\000o\000t\000\040\000i\000d\000e\000n\000t\000i\000f\000i\000e\000d}{section.2}% 6
\BOOKMARK [1][-]{section.3}{\376\377\000T\000h\000e\000\040\000p\000r\000o\000p\000e\000r\000\040\000s\000c\000o\000r\000e}{}% 7
\BOOKMARK [2][-]{subsection.3.1}{\376\377\000D\000e\000f\000i\000n\000i\000t\000i\000o\000n}{section.3}% 8
\BOOKMARK [2][-]{subsection.3.2}{\376\377\000S\000t\000r\000i\000c\000t\000\040\000p\000r\000o\000p\000r\000i\000e\000t\000y}{section.3}% 9
\BOOKMARK [2][-]{subsection.3.3}{\376\377\000G\000r\000a\000d\000i\000e\000n\000t\000,\000\040\000a\000n\000d\000\040\000w\000h\000y\000\040\000t\000h\000e\000\040\000r\000e\000p\000u\000l\000s\000i\000o\000n\000\040\000t\000e\000r\000m\000\040\000c\000a\000n\000n\000o\000t\000\040\000b\000e\000\040\000d\000r\000o\000p\000p\000e\000d}{section.3}% 10
\BOOKMARK [2][-]{subsection.3.4}{\376\377\000T\000h\000e\000\040\000f\000i\000x\000e\000d\000-\000M\000\040\000t\000a\000r\000g\000e\000t}{section.3}% 11
\BOOKMARK [2][-]{subsection.3.5}{\376\377\000M\000o\000n\000o\000t\000o\000n\000e\000-\000c\000o\000n\000e\000\040\000p\000r\000o\000j\000e\000c\000t\000i\000o\000n}{section.3}% 12
\BOOKMARK [1][-]{section.4}{\376\377\000T\000h\000e\000\040\000a\000l\000g\000o\000r\000i\000t\000h\000m}{}% 13
\BOOKMARK [2][-]{subsection.4.1}{\376\377\000T\000w\000o\000\040\000a\000r\000c\000h\000i\000t\000e\000c\000t\000u\000r\000e\000s}{section.4}% 14
\BOOKMARK [2][-]{subsection.4.2}{\376\377\000T\000h\000e\000\040\000b\000o\000o\000s\000t\000i\000n\000g\000\040\000l\000o\000o\000p}{section.4}% 15
\BOOKMARK [2][-]{subsection.4.3}{\376\377\000T\000h\000e\000\040\000a\000r\000m\000-\000s\000h\000a\000r\000e\000d\000\040\000t\000r\000e\000e\000\040\000a\000n\000d\000\040\000i\000t\000s\000\040\000l\000e\000a\000f\000\040\000r\000u\000l\000e}{section.4}% 16
\BOOKMARK [2][-]{subsection.4.4}{\376\377\000C\000o\000s\000t}{section.4}% 17
\BOOKMARK [1][-]{section.5}{\376\377\000T\000h\000e\000\040\000c\000o\000m\000p\000a\000r\000i\000s\000o\000n\000\040\000r\000o\000s\000t\000e\000r}{}% 18
\BOOKMARK [1][-]{section.6}{\376\377\000D\000a\000t\000a\000\040\000g\000e\000n\000e\000r\000a\000t\000i\000n\000g\000\040\000p\000r\000o\000c\000e\000s\000s\000e\000s}{}% 19
\BOOKMARK [2][-]{subsection.6.1}{\376\377\000O\000n\000e\000\040\000g\000e\000n\000e\000r\000a\000t\000i\000v\000e\000\040\000f\000o\000r\000m}{section.6}% 20
\BOOKMARK [2][-]{subsection.6.2}{\376\377\000T\000h\000e\000\040\000t\000e\000n\000\040\000r\000e\000g\000i\000m\000e\000s}{section.6}% 21
\BOOKMARK [2][-]{subsection.6.3}{\376\377\000O\000r\000a\000c\000l\000e\000\040\000t\000r\000u\000t\000h}{section.6}% 22
\BOOKMARK [1][-]{section.7}{\376\377\000E\000v\000a\000l\000u\000a\000t\000i\000o\000n\000\040\000p\000r\000o\000t\000o\000c\000o\000l}{}% 23
\BOOKMARK [2][-]{subsection.7.1}{\376\377\000M\000e\000t\000r\000i\000c\000s}{section.7}% 24
\BOOKMARK [2][-]{subsection.7.2}{\376\377\000D\000e\000s\000i\000g\000n\000\040\000g\000r\000i\000d\000s\000\040\000a\000n\000d\000\040\000b\000u\000d\000g\000e\000t\000s}{section.7}% 25
\BOOKMARK [2][-]{subsection.7.3}{\376\377\000T\000h\000e\000\040\000s\000i\000x\000\040\000g\000a\000t\000e\000\040\000r\000u\000l\000e\000s}{section.7}% 26
\BOOKMARK [1][-]{section.8}{\376\377\000R\000e\000s\000u\000l\000t\000s\000\040\000o\000f\000\040\000t\000h\000e\000\040\000p\000r\000e\000r\000e\000g\000i\000s\000t\000e\000r\000e\000d\000\040\000t\000o\000u\000r\000n\000a\000m\000e\000n\000t}{}% 27
\BOOKMARK [2][-]{subsection.8.1}{\376\377\000E\000x\000e\000c\000u\000t\000i\000o\000n}{section.8}% 28
\BOOKMARK [2][-]{subsection.8.2}{\376\377\000T\000h\000e\000\040\000v\000e\000r\000d\000i\000c\000t\000,\000\040\000a\000n\000d\000\040\000t\000h\000e\000\040\000r\000u\000l\000e\000\040\000t\000h\000a\000t\000\040\000f\000a\000i\000l\000e\000d}{section.8}% 29
\BOOKMARK [2][-]{subsection.8.3}{\376\377\000W\000h\000a\000t\000\040\000t\000h\000e\000\040\000t\000o\000u\000r\000n\000a\000m\000e\000n\000t\000\040\000e\000s\000t\000a\000b\000l\000i\000s\000h\000e\000d}{section.8}% 30
\BOOKMARK [2][-]{subsection.8.4}{\376\377\000T\000h\000e\000\040\000a\000d\000v\000e\000r\000s\000a\000r\000i\000a\000l\000\040\000r\000e\000a\000d\000i\000n\000g}{section.8}% 31
\BOOKMARK [2][-]{subsection.8.5}{\376\377\000T\000h\000e\000\040\000r\000e\000c\000o\000m\000m\000e\000n\000d\000e\000d\000\040\000c\000l\000a\000i\000m\000a\000n\000t\000\040\000p\000l\000a\000c\000e\000d\000\040\000i\000n\000\040\000t\000h\000e\000\040\000s\000a\000m\000e\000\040\000c\000o\000m\000p\000a\000r\000i\000s\000o\000n\000s}{section.8}% 32
\BOOKMARK [2][-]{subsection.8.6}{\376\377\000F\000i\000n\000i\000t\000e\000-\000p\000a\000r\000t\000i\000c\000l\000e\000\040\000a\000p\000p\000r\000o\000x\000i\000m\000a\000t\000i\000o\000n}{section.8}% 33
\BOOKMARK [2][-]{subsection.8.7}{\376\377\000C\000o\000s\000t}{section.8}% 34
\BOOKMARK [1][-]{section.9}{\376\377\000D\000i\000a\000g\000n\000o\000s\000i\000s\000\040\000o\000f\000\040\000t\000h\000e\000\040\000r\000u\000l\000e\000-\0001\000\040\000f\000a\000i\000l\000u\000r\000e}{}% 35
\BOOKMARK [2][-]{subsection.9.1}{\376\377\000D\000e\000f\000e\000c\000t\000\040\000o\000n\000e\000:\000\040\000c\000o\000n\000f\000o\000u\000n\000d\000e\000d\000\040\000i\000n\000i\000t\000i\000a\000l\000i\000z\000a\000t\000i\000o\000n}{section.9}% 36
\BOOKMARK [2][-]{subsection.9.2}{\376\377\000D\000e\000f\000e\000c\000t\000\040\000t\000w\000o\000:\000\040\000c\000o\000n\000t\000r\000a\000s\000t\000\040\000a\000c\000c\000u\000m\000u\000l\000a\000t\000i\000o\000n}{section.9}% 37
\BOOKMARK [2][-]{subsection.9.3}{\376\377\000A\000t\000t\000r\000i\000b\000u\000t\000i\000o\000n}{section.9}% 38
\BOOKMARK [1][-]{section.10}{\376\377\000T\000h\000e\000\040\000r\000e\000p\000a\000i\000r\000\040\000t\000r\000a\000c\000k}{}% 39
\BOOKMARK [2][-]{subsection.10.1}{\376\377\000D\000e\000s\000i\000g\000n}{section.10}% 40
\BOOKMARK [2][-]{subsection.10.2}{\376\377\000R\000u\000l\000e\000\040\0001\000\040\000a\000c\000r\000o\000s\000s\000\040\000t\000h\000e\000\040\000r\000o\000s\000t\000e\000r}{section.10}% 41
\BOOKMARK [2][-]{subsection.10.3}{\376\377\000A\000l\000l\000\040\000s\000i\000x\000\040\000r\000u\000l\000e\000s}{section.10}% 42
\BOOKMARK [2][-]{subsection.10.4}{\376\377\000W\000h\000a\000t\000\040\000s\000e\000p\000a\000r\000a\000t\000e\000s\000\040\000t\000h\000e\000\040\000t\000w\000o\000\040\000p\000a\000s\000s\000i\000n\000g\000\040\000v\000a\000r\000i\000a\000n\000t\000s}{section.10}% 43
\BOOKMARK [2][-]{subsection.10.5}{\376\377\000I\000m\000p\000r\000o\000v\000e\000m\000e\000n\000t\000\040\000b\000e\000y\000o\000n\000d\000\040\000t\000h\000e\000\040\000r\000u\000l\000e\000\040\000t\000h\000a\000t\000\040\000f\000a\000i\000l\000e\000d}{section.10}% 44
\BOOKMARK [2][-]{subsection.10.6}{\376\377\000R\000e\000c\000o\000m\000m\000e\000n\000d\000a\000t\000i\000o\000n}{section.10}% 45
\BOOKMARK [1][-]{section.11}{\376\377\000C\000o\000m\000p\000l\000e\000t\000e\000\040\000r\000e\000s\000u\000l\000t\000s\000:\000\040\000e\000v\000e\000r\000y\000\040\000m\000e\000t\000r\000i\000c\000\040\000f\000o\000r\000\040\000t\000h\000e\000\040\000p\000r\000o\000p\000o\000s\000e\000d\000\040\000m\000o\000d\000e\000l\000\040\000a\000n\000d\000\040\000c\000o\000m\000p\000a\000r\000a\000t\000o\000r\000s}{}% 46
\BOOKMARK [2][-]{subsection.11.1}{\376\377\000S\000u\000p\000p\000o\000r\000t\000i\000n\000g\000\040\000f\000i\000g\000u\000r\000e\000s}{section.11}% 47
\BOOKMARK [1][-]{section.12}{\376\377\000C\000o\000m\000p\000l\000e\000t\000e\000\040\000r\000e\000s\000u\000l\000t\000s\000:\000\040\000t\000h\000e\000\040\000P\000h\000a\000s\000e\000\040\0005\000.\0005\000\040\000o\000r\000t\000h\000o\000g\000o\000n\000a\000l\000i\000z\000e\000d\000\040\000v\000a\000r\000i\000a\000n\000t\000s}{}% 48
\BOOKMARK [2][-]{subsection.12.1}{\376\377\000T\000h\000e\000\040\000c\000o\000n\000t\000r\000a\000s\000t\000\040\000s\000u\000r\000f\000a\000c\000e}{section.12}% 49
\BOOKMARK [2][-]{subsection.12.2}{\376\377\000T\000h\000e\000\040\000l\000a\000w\000\040\000s\000u\000r\000f\000a\000c\000e}{section.12}% 50
\BOOKMARK [2][-]{subsection.12.3}{\376\377\000T\000h\000e\000\040\000i\000n\000h\000e\000r\000i\000t\000e\000d\000\040\000c\000o\000r\000r\000e\000c\000t\000n\000e\000s\000s\000\040\000s\000c\000r\000e\000e\000n}{section.12}% 51
\BOOKMARK [2][-]{subsection.12.4}{\376\377\000T\000h\000e\000\040\000n\000e\000g\000a\000t\000i\000v\000e\000\040\000f\000i\000n\000d\000i\000n\000g\000,\000\040\000a\000n\000d\000\040\000w\000h\000y\000\040\000i\000t\000\040\000i\000s\000\040\000a\000\040\000m\000e\000c\000h\000a\000n\000i\000s\000m\000\040\000r\000e\000s\000u\000l\000t}{section.12}% 52
\BOOKMARK [2][-]{subsection.12.5}{\376\377\000D\000i\000a\000g\000n\000o\000s\000t\000i\000c\000s\000\040\000a\000n\000d\000\040\000c\000o\000s\000t}{section.12}% 53
\BOOKMARK [2][-]{subsection.12.6}{\376\377\000S\000t\000a\000g\000e\000\040\0002\000:\000\040\000t\000h\000e\000\040\000m\000u\000/\000t\000a\000u\000\040\000c\000l\000a\000i\000m\000a\000n\000t\000\040\000o\000n\000\040\000t\000h\000e\000\040\000w\000h\000o\000l\000e\000\040\000g\000r\000i\000d}{section.12}% 54
\BOOKMARK [2][-]{subsection.12.7}{\376\377\000W\000h\000a\000t\000\040\000t\000h\000i\000s\000\040\000s\000e\000c\000t\000i\000o\000n\000\040\000s\000u\000p\000p\000o\000r\000t\000s}{section.12}% 55
\BOOKMARK [1][-]{section.13}{\376\377\000C\000o\000m\000p\000l\000e\000t\000e\000\040\000r\000e\000s\000u\000l\000t\000s\000:\000\040\000t\000h\000e\000\040\000P\000h\000a\000s\000e\000\040\0006\000\040\000r\000e\000f\000e\000r\000e\000n\000c\000e\000-\000e\000f\000f\000e\000c\000t\000\040\000m\000e\000c\000h\000a\000n\000i\000s\000m\000s\000\040\000a\000n\000d\000\040\000t\000h\000e\000\040\000i\000n\000c\000o\000m\000e\000\040\000r\000e\000a\000l\000i\000s\000m\000\040\000t\000r\000a\000c\000k}{}% 56
\BOOKMARK [2][-]{subsection.13.1}{\376\377\000C\000o\000n\000v\000e\000n\000t\000i\000o\000n\000s\000,\000\040\000a\000n\000d\000\040\000f\000o\000u\000r\000\040\000d\000i\000s\000c\000l\000o\000s\000e\000d\000\040\000r\000e\000p\000a\000i\000r\000s}{section.13}% 57
\BOOKMARK [2][-]{subsection.13.2}{\376\377\000T\000h\000e\000\040\000o\000p\000e\000n\000i\000n\000g\000\040\000d\000i\000a\000g\000n\000o\000s\000t\000i\000c\000:\000\040\000w\000h\000y\000\040\000D\0005\000\040\000w\000a\000s\000\040\000l\000o\000s\000t}{section.13}% 58
\BOOKMARK [2][-]{subsection.13.3}{\376\377\000T\000r\000a\000c\000k\000\040\000A\000\040\000r\000e\000f\000e\000r\000e\000n\000c\000e\000\040\000s\000u\000r\000f\000a\000c\000e\000:\000\040\000t\000h\000e\000\040\000l\000a\000y\000e\000r\000\040\000w\000o\000r\000k\000s\000\040\000w\000h\000e\000r\000e\000\040\000i\000t\000\040\000w\000a\000s\000\040\000a\000i\000m\000e\000d\000\040\000a\000n\000d\000\040\000p\000a\000y\000s\000\040\000w\000h\000e\000r\000e\000\040\000i\000t\000\040\000w\000a\000s\000\040\000n\000o\000t}{section.13}% 59
\BOOKMARK [2][-]{subsection.13.4}{\376\377\000T\000r\000a\000c\000k\000\040\000A\000\040\000l\000a\000w\000\040\000s\000u\000r\000f\000a\000c\000e\000:\000\040\000s\000m\000o\000o\000t\000h\000i\000n\000g\000\040\000i\000s\000\040\000a\000\040\000D\0006\000\040\000t\000o\000o\000l\000,\000\040\000a\000n\000d\000\040\000t\000h\000e\000\040\000s\000m\000o\000o\000t\000h\000\040\000w\000e\000a\000k\000\040\000l\000e\000a\000r\000n\000e\000r\000\040\000i\000s\000\040\000a\000\040\000n\000e\000g\000a\000t\000i\000v\000e\000\040\000f\000i\000n\000d\000i\000n\000g\000\040\000w\000i\000t\000h\000\040\000a\000\040\000m\000e\000c\000h\000a\000n\000i\000s\000m}{section.13}% 60
\BOOKMARK [2][-]{subsection.13.5}{\376\377\000F\000u\000n\000c\000t\000i\000o\000n\000a\000l\000s\000:\000\040\000o\000r\000t\000h\000o\000g\000o\000n\000a\000l\000i\000s\000a\000t\000i\000o\000n\000\040\000o\000w\000n\000s\000\040\000t\000h\000e\000\040\000s\000c\000a\000l\000e\000\040\000c\000o\000n\000t\000r\000a\000s\000t\000,\000\040\000t\000h\000e\000\040\000l\000a\000w\000\040\000o\000w\000n\000s\000\040\000p\000u\000r\000e\000\040\000s\000h\000a\000p\000e\000,\000\040\000a\000n\000d\000\040\000j\000i\000t\000t\000e\000r\000\040\000d\000e\000s\000t\000r\000o\000y\000s\000\040\000s\000k\000e\000w\000n\000e\000s\000s}{section.13}% 61
\BOOKMARK [2][-]{subsection.13.6}{\376\377\000T\000h\000e\000\040\000f\000u\000n\000c\000t\000i\000o\000n\000a\000l\000\040\000R\000-\000l\000e\000a\000r\000n\000e\000r\000\040\000a\000f\000t\000e\000r\000\040\000t\000h\000e\000\040\000c\000o\000l\000u\000m\000n\000\040\000r\000e\000p\000a\000i\000r}{section.13}% 62
\BOOKMARK [2][-]{subsection.13.7}{\376\377\000T\000r\000a\000c\000k\000\040\000B\000:\000\040\000o\000n\000\040\000i\000n\000c\000o\000m\000e\000-\000l\000i\000k\000e\000\040\000p\000a\000n\000e\000l\000s\000\040\000t\000h\000e\000\040\000i\000n\000c\000u\000m\000b\000e\000n\000t\000\040\000f\000o\000r\000e\000s\000t\000s\000\040\000c\000o\000l\000l\000a\000p\000s\000e}{section.13}% 63
\BOOKMARK [2][-]{subsection.13.8}{\376\377\000G\000a\000t\000e\000s\000,\000\040\000c\000o\000s\000t\000,\000\040\000a\000n\000d\000\040\000w\000h\000a\000t\000\040\000t\000h\000i\000s\000\040\000p\000h\000a\000s\000e\000\040\000s\000u\000p\000p\000o\000r\000t\000s}{section.13}% 64
\BOOKMARK [2][-]{subsection.13.9}{\376\377\000S\000c\000o\000p\000e\000\040\000l\000i\000m\000i\000t\000s}{section.13}% 65
\BOOKMARK [1][-]{section.14}{\376\377\000L\000i\000m\000i\000t\000a\000t\000i\000o\000n\000s\000,\000\040\000s\000t\000a\000t\000e\000d\000\040\000a\000s\000\040\000c\000o\000n\000s\000t\000r\000a\000i\000n\000t\000s\000\040\000o\000n\000\040\000w\000h\000a\000t\000\040\000m\000a\000y\000\040\000b\000e\000\040\000w\000r\000i\000t\000t\000e\000n}{}% 66
\BOOKMARK [1][-]{section.15}{\376\377\000W\000h\000a\000t\000\040\000t\000h\000i\000s\000\040\000m\000e\000a\000n\000s\000\040\000f\000o\000r\000\040\000t\000h\000e\000\040\000a\000p\000p\000l\000i\000e\000d\000\040\000s\000t\000u\000d\000y}{}% 67
\BOOKMARK [1][-]{section.16}{\376\377\000R\000e\000p\000r\000o\000d\000u\000c\000i\000b\000i\000l\000i\000t\000y}{}% 68
